// Jest Snapshot v1, https://goo.gl/fbAQLP

exports[`should works 1`] = `
"\\"use strict\\";

var _index = _interopRequireDefault(require(\\"index.less\\"));

var _bind = _interopRequireDefault(require(\\"classnames/bind\\"));

var cx = _bind.default.bind(_index.default);

function _interopRequireDefault(obj) { return obj && obj.__esModule ? obj : { default: obj }; }

var cx = _bind.default.bind(_index.default);

const x = {
  o: _bind.default.bind(_index.default)('name')
};

_bind.default.bind(_index.default)('hello-world');

const y = _bind.default.bind(_index.default)('test');"
`;
